---
source: router/tests/test_http_rerank.rs
assertion_line: 42
expression: ranks
---
- index: 2
  score: 0.9997739
  text: test
- index: 0
  score: 0.9997739
  text: test
- index: 1
  score: 0.3638598
  text: other
