---
source: backends/candle/tests/test_gte.rs
expression: predictions_single
---
- - -0.74173266
