---
source: backends/candle/tests/test_modernbert.rs
expression: predictions_single
---
- - -0.30617672
