---
source: backends/candle/tests/test_bert.rs
expression: predictions_single
---
- - -6.548218
  - -6.3022184
  - -4.866901
  - -3.9598548
  - -4.6330333
  - -6.281371
  - -6.070333
  - -5.7753787
  - -6.9252844
  - -6.1905437
  - -5.674121
  - -6.169409
  - -7.5133595
  - -6.8658547
  - -7.185884
  - -7.1283603
  - -8.210392
  - -7.016874
  - -7.1315
  - -8.53309
  - -6.229343
  - -8.741868
  - -5.7791805
  - -8.657056
  - -8.258206
  - -6.6477957
  - -7.406438
  - 3.0466576
